
> vite_react_shadcn_ts@0.0.0 test
> vitest --run --prefix c:\Users\Ganesh Kumar\Downloads\UAG\unifiedaai

node.exe : file:///C:/
Users/Ganesh%20Kumar/D
ownloads/UAG/unifiedaa
i/node_modules/vitest/
dist/chunks/cac.DRKYQD
Pl.js:406
At line:1 char:1
+ & "C:\Program Files\
nodejs/node.exe" 
"C:\Users\Ganesh 
Kumar\AppData\R ...
+ ~~~~~~~~~~~~~~~~~~~~
~~~~~~~~~~~~~~~~~~~~~~
~~~~~~~~~~~~~~~~~~~~~~
~~~~~
    + CategoryInfo    
          : NotSpeci  
  fied: (file:///C:   
 /User...DRKYQDPl.    
js:406:String) []    
, RemoteException
    + FullyQualifiedE 
   rrorId : NativeCo  
  mmandError
 
          throw new 
CACError(`Unknown 
option 
\`${name.length > 1 ? 
`--${name}` : 
`-${name}`}\``);
                ^

CACError: Unknown 
option `--prefix`
    at Command.checkUn
knownOptions (file:///
C:/Users/Ganesh%20Kuma
r/Downloads/UAG/unifie
daai/node_modules/vite
st/dist/chunks/cac.DRK
YQDPl.js:406:17)
    at 
CAC.runMatchedCommand 
(file:///C:/Users/Gane
sh%20Kumar/Downloads/U
AG/unifiedaai/node_mod
ules/vitest/dist/chunk
s/cac.DRKYQDPl.js:606:
13)
    at CAC.parse (file
:///C:/Users/Ganesh%20
Kumar/Downloads/UAG/un
ifiedaai/node_modules/
vitest/dist/chunks/cac
.DRKYQDPl.js:547:12)
    at file:///C:/User
s/Ganesh%20Kumar/Downl
oads/UAG/unifiedaai/no
de_modules/vitest/dist
/cli.js:11:13
    at ModuleJob.run (
node:internal/modules/
esm/module_job:430:25)
    at async onImport.
tracePromise.__proto__
 (node:internal/module
s/esm/loader:661:26)
    at async asyncRunE
ntryPointWithESMLoader
 (node:internal/module
s/run_main:101:5)

Node.js v24.14.0
